// Jest Snapshot v1, https://goo.gl/fbAQLP

exports[`404 Snapshot snapshot renders 1`] = `
<h2>
  404 page not found 
</h2>
`;
