// Jest Snapshot v1, https://goo.gl/fbAQLP

exports[`Profile Snapshot snapshot renders 1`] = `
<div>
  <p
    className="Title-Style"
  />
</div>
`;
